// Jest Snapshot v1, https://goo.gl/fbAQLP

exports[`MobileNav should be defined 1`] = `
<div>
  <div
    class="sc-EFWon kWwuUb"
  >
    <nav
      class="sc-fYlSAf ipBHux"
    >
      <a
        class="sc-dxjrPO geWoOc"
        href="/"
        role="menuitem"
      >
        <div
          class="sc-hnmNqB idZQDj"
        >
          <svg>
            home.svg
          </svg>
        </div>
      </a>
      <a
        class="sc-dxjrPO geWoOc"
        href="/catalog"
        role="menuitem"
      >
        <div
          class="sc-hnmNqB idZQDj"
        >
          <svg>
            list.svg
          </svg>
        </div>
      </a>
      <a
        class="sc-dxjrPO geWoOc"
        href="/cart"
        role="menuitem"
      >
        <div
          class="sc-hnmNqB idZQDj"
        >
          <svg>
            cart.svg
          </svg>
        </div>
      </a>
      <button
        class="sc-UFult kCBzan"
        type="button"
      >
        <div
          class="sc-hnmNqB idZQDj"
        >
          <svg>
            more.svg
          </svg>
        </div>
      </button>
    </nav>
  </div>
</div>
`;
