// Jest Snapshot v1, https://goo.gl/fbAQLP

exports[`TopNav should be defined 1`] = `
<div>
  <div
    class="sc-bcPKhP bzTsiy"
  >
    <div
      class="sc-grXZZQ kUUMuW"
    >
      <nav
        class="sc-dkjKgF eZRrsL"
      >
        <div
          class="sc-hLclGa daPBmg"
        >
          <a
            class="sc-eDnVMP kgNNit"
            href="/o-magazine"
          >
            О магазине
          </a>
        </div>
        <div
          class="sc-hLclGa daPBmg"
        >
          <a
            class="sc-eDnVMP kgNNit"
            href="/garantii-i-vozvrat"
          >
            Гарантии и возврат
          </a>
        </div>
        <div
          class="sc-hLclGa daPBmg"
        >
          <a
            class="sc-eDnVMP kgNNit"
            href="/oplata-i-dostavka"
          >
            Оплата и доставка
          </a>
        </div>
        <div
          class="sc-hLclGa daPBmg"
        >
          <a
            class="sc-eDnVMP kgNNit"
            href="/kontakty"
          >
            Контакты
          </a>
        </div>
      </nav>
      <div
        class="sc-jSwlEQ cYCoeh"
      >
        <div
          class="sc-gKHVLF fZEJrJ active"
        >
          ua
        </div>
        <div
          class="sc-gKHVLF bBQtV"
        >
          ru
        </div>
        <div
          class="sc-gKHVLF bBQtV"
        >
          en
        </div>
      </div>
    </div>
  </div>
</div>
`;
