// Jest Snapshot v1, https://goo.gl/fbAQLP

exports[`TopNav should be defined 1`] = `
<div>
  <div
    class="sc-beySPh dhajrx"
  >
    <div
      class="sc-guDLey kNVHGe"
    >
      <nav
        class="sc-dmyCSP iQlwUQ"
      >
        <div
          class="sc-gLLuof csHbwu"
        >
          about
        </div>
        <div
          class="sc-hLQSwg jfTLwi"
        >
          <div
            class="sc-eDLKkx fMDPuT"
          >
            <a
              class="sc-jTQCzO kKgqDS"
              href="/o-magazine"
            >
              О магазине
            </a>
          </div>
          <div
            class="sc-eDLKkx fMDPuT"
          >
            <a
              class="sc-jTQCzO kKgqDS"
              href="/garantii-i-vozvrat"
            >
              Гарантии и возврат
            </a>
          </div>
          <div
            class="sc-eDLKkx fMDPuT"
          >
            <a
              class="sc-jTQCzO kKgqDS"
              href="/oplata-i-dostavka"
            >
              Оплата и доставка
            </a>
          </div>
          <div
            class="sc-eDLKkx fMDPuT"
          >
            <a
              class="sc-jTQCzO kKgqDS"
              href="/kontakty"
            >
              Контакты
            </a>
          </div>
        </div>
      </nav>
      <div
        class="sc-iBdnpw iXoRaz"
      >
        <div
          class="sc-fsYfdN frNxBN active"
        >
          ua
        </div>
        <div
          class="sc-fsYfdN cheXkN"
        >
          ru
        </div>
        <div
          class="sc-fsYfdN cheXkN"
        >
          en
        </div>
      </div>
    </div>
  </div>
</div>
`;
