// Jest Snapshot v1, https://goo.gl/fbAQLP

exports[`header should not be empty 1`] = `
<div>
  <header>
    <div
      class="sc-beySPh dhajrx"
    >
      <div
        class="sc-guDLey kNVHGe"
      >
        <nav
          class="sc-dmyCSP iQlwUQ"
        >
          <div
            class="sc-gLLuof csHbwu"
          >
            about
          </div>
          <div
            class="sc-hLQSwg jfTLwi"
          >
            <div
              class="sc-eDLKkx fMDPuT"
            >
              <a
                class="sc-jTQCzO kKgqDS"
                href="/o-magazine"
              >
                О магазине
              </a>
            </div>
            <div
              class="sc-eDLKkx fMDPuT"
            >
              <a
                class="sc-jTQCzO kKgqDS"
                href="/garantii-i-vozvrat"
              >
                Гарантии и возврат
              </a>
            </div>
            <div
              class="sc-eDLKkx fMDPuT"
            >
              <a
                class="sc-jTQCzO kKgqDS"
                href="/oplata-i-dostavka"
              >
                Оплата и доставка
              </a>
            </div>
            <div
              class="sc-eDLKkx fMDPuT"
            >
              <a
                class="sc-jTQCzO kKgqDS"
                href="/kontakty"
              >
                Контакты
              </a>
            </div>
          </div>
        </nav>
        <div
          class="sc-iBdnpw iXoRaz"
        >
          <div
            class="sc-fsYfdN frNxBN active"
          >
            ua
          </div>
          <div
            class="sc-fsYfdN cheXkN"
          >
            ru
          </div>
          <div
            class="sc-fsYfdN cheXkN"
          >
            en
          </div>
        </div>
      </div>
    </div>
    <div
      class="sc-beySPh dhajrx"
    >
      <div
        class="sc-qZrbh iaCxfl"
      >
        <div
          class="sc-jsEeTM cVZclg"
        >
          <a
            class="sc-kFCroH XbetV"
            href="/"
          >
            <img
              alt="logo"
              src="/upload/iblock/1a8/1a8a5771cc80a6d2ef5a93e271ebfd1f.png"
            />
          </a>
        </div>
        <div
          class="sc-eTNRI gqrFgq"
        >
          <div
            class="sc-brSamD fpGfPn"
          >
            <a
              class="sc-irLvIq gUvpOU sc-ktwOfi fJqVfo"
              href="tel:+380500000000"
            >
              <div
                class="sc-csKJxZ llvpXN"
              >
                <svg>
                  old-phone.svg
                </svg>
              </div>
              +38 050 000 00 00
            </a>
            <a
              class="sc-irLvIq gUvpOU sc-ktwOfi fJqVfo"
              href="tel:+380500000001"
            >
              <div
                class="sc-csKJxZ llvpXN"
              >
                <svg>
                  old-phone.svg
                </svg>
              </div>
              +38 050 000 00 01
            </a>
          </div>
          <form
            class="sc-fmKFGs otHYY"
          >
            <input
              autocapitalize="off"
              autocomplete="off"
              autocorrect="off"
              class="sc-fHejqy efnenB"
              name="search"
              placeholder="Поиск"
              spellcheck="false"
              type="text"
              value=""
            />
            <button
              class="sc-blmEgr lmRYyu"
              type="submit"
            >
              <svg>
                search.svg
              </svg>
            </button>
          </form>
          <div
            class="sc-brSamD fpGfPn"
          >
            <a
              class="sc-irLvIq gUvpOU sc-hABBmJ hulhxO"
              href="mailto:test@test.com"
            >
              <div
                class="sc-csKJxZ llvpXN"
              >
                <svg>
                  mail.svg
                </svg>
              </div>
              test@test.com
            </a>
          </div>
        </div>
        <div
          class="sc-ifyrAs iYQzNt"
        >
          <a
            class="sc-dJGMql pAnYg"
            href="/cart"
          >
            <span
              class="sc-fLseNd foqyxX"
            >
              0
            </span>
          </a>
          <div
            class="sc-hIPBNq fyeKWo"
          >
            <a
              class="sc-dmXWDj hnRPBC"
              href="/cart"
            >
              Корзина
              :
            </a>
            <span
              class="sc-khjJXk jZmiyP"
            >
              0
               
              <span>
                грн.
              </span>
            </span>
          </div>
        </div>
      </div>
    </div>
  </header>
</div>
`;
